testtestestasdasdsad